// Jest Snapshot v1, https://goo.gl/fbAQLP

exports[`Login Form should render correctly 1`] = `
ShallowWrapper {
  Symbol(enzyme.__root__): [Circular],
  Symbol(enzyme.__unrendered__): <Login />,
  Symbol(enzyme.__renderer__): Object {
    "batchedUpdates": [Function],
    "getNode": [Function],
    "render": [Function],
    "simulateError": [Function],
    "simulateEvent": [Function],
    "unmount": [Function],
  },
  Symbol(enzyme.__node__): Object {
    "instance": null,
    "key": undefined,
    "nodeType": "host",
    "props": Object {
      "children": <div
        className="login"
      >
        <div
          className="container"
        >
          <div
            className="row"
          >
            <div
              className="col-md-8 m-auto"
            >
              <h1
                className="display-4 text-center"
              >
                Log In
              </h1>
              <p
                className="lead text-center"
              >
                Sign in to your DevConnector account
              </p>
              <form>
                <TextFieldGroup
                  name="email"
                  placeholder="Email Address"
                  type="email"
                  value=""
                />
                <TextFieldGroup
                  name="password"
                  placeholder="Password"
                  type="password"
                  value=""
                />
                <input
                  className="btn btn-info btn-block mt-4"
                  type="submit"
                />
              </form>
            </div>
          </div>
        </div>
      </div>,
    },
    "ref": null,
    "rendered": Object {
      "instance": null,
      "key": undefined,
      "nodeType": "host",
      "props": Object {
        "children": <div
          className="container"
        >
          <div
            className="row"
          >
            <div
              className="col-md-8 m-auto"
            >
              <h1
                className="display-4 text-center"
              >
                Log In
              </h1>
              <p
                className="lead text-center"
              >
                Sign in to your DevConnector account
              </p>
              <form>
                <TextFieldGroup
                  name="email"
                  placeholder="Email Address"
                  type="email"
                  value=""
                />
                <TextFieldGroup
                  name="password"
                  placeholder="Password"
                  type="password"
                  value=""
                />
                <input
                  className="btn btn-info btn-block mt-4"
                  type="submit"
                />
              </form>
            </div>
          </div>
        </div>,
        "className": "login",
      },
      "ref": null,
      "rendered": Object {
        "instance": null,
        "key": undefined,
        "nodeType": "host",
        "props": Object {
          "children": <div
            className="row"
          >
            <div
              className="col-md-8 m-auto"
            >
              <h1
                className="display-4 text-center"
              >
                Log In
              </h1>
              <p
                className="lead text-center"
              >
                Sign in to your DevConnector account
              </p>
              <form>
                <TextFieldGroup
                  name="email"
                  placeholder="Email Address"
                  type="email"
                  value=""
                />
                <TextFieldGroup
                  name="password"
                  placeholder="Password"
                  type="password"
                  value=""
                />
                <input
                  className="btn btn-info btn-block mt-4"
                  type="submit"
                />
              </form>
            </div>
          </div>,
          "className": "container",
        },
        "ref": null,
        "rendered": Object {
          "instance": null,
          "key": undefined,
          "nodeType": "host",
          "props": Object {
            "children": <div
              className="col-md-8 m-auto"
            >
              <h1
                className="display-4 text-center"
              >
                Log In
              </h1>
              <p
                className="lead text-center"
              >
                Sign in to your DevConnector account
              </p>
              <form>
                <TextFieldGroup
                  name="email"
                  placeholder="Email Address"
                  type="email"
                  value=""
                />
                <TextFieldGroup
                  name="password"
                  placeholder="Password"
                  type="password"
                  value=""
                />
                <input
                  className="btn btn-info btn-block mt-4"
                  type="submit"
                />
              </form>
            </div>,
            "className": "row",
          },
          "ref": null,
          "rendered": Object {
            "instance": null,
            "key": undefined,
            "nodeType": "host",
            "props": Object {
              "children": Array [
                <h1
                  className="display-4 text-center"
                >
                  Log In
                </h1>,
                <p
                  className="lead text-center"
                >
                  Sign in to your DevConnector account
                </p>,
                <form>
                  <TextFieldGroup
                    name="email"
                    placeholder="Email Address"
                    type="email"
                    value=""
                  />
                  <TextFieldGroup
                    name="password"
                    placeholder="Password"
                    type="password"
                    value=""
                  />
                  <input
                    className="btn btn-info btn-block mt-4"
                    type="submit"
                  />
                </form>,
              ],
              "className": "col-md-8 m-auto",
            },
            "ref": null,
            "rendered": Array [
              Object {
                "instance": null,
                "key": undefined,
                "nodeType": "host",
                "props": Object {
                  "children": "Log In",
                  "className": "display-4 text-center",
                },
                "ref": null,
                "rendered": "Log In",
                "type": "h1",
              },
              Object {
                "instance": null,
                "key": undefined,
                "nodeType": "host",
                "props": Object {
                  "children": "Sign in to your DevConnector account",
                  "className": "lead text-center",
                },
                "ref": null,
                "rendered": "Sign in to your DevConnector account",
                "type": "p",
              },
              Object {
                "instance": null,
                "key": undefined,
                "nodeType": "host",
                "props": Object {
                  "children": Array [
                    <TextFieldGroup
                      name="email"
                      placeholder="Email Address"
                      type="email"
                      value=""
                    />,
                    <TextFieldGroup
                      name="password"
                      placeholder="Password"
                      type="password"
                      value=""
                    />,
                    <input
                      className="btn btn-info btn-block mt-4"
                      type="submit"
                    />,
                  ],
                  "onSubmit": undefined,
                },
                "ref": null,
                "rendered": Array [
                  Object {
                    "instance": null,
                    "key": undefined,
                    "nodeType": "function",
                    "props": Object {
                      "name": "email",
                      "onChange": undefined,
                      "placeholder": "Email Address",
                      "type": "email",
                      "value": "",
                    },
                    "ref": null,
                    "rendered": null,
                    "type": [Function],
                  },
                  Object {
                    "instance": null,
                    "key": undefined,
                    "nodeType": "function",
                    "props": Object {
                      "name": "password",
                      "onChange": undefined,
                      "placeholder": "Password",
                      "type": "password",
                      "value": "",
                    },
                    "ref": null,
                    "rendered": null,
                    "type": [Function],
                  },
                  Object {
                    "instance": null,
                    "key": undefined,
                    "nodeType": "host",
                    "props": Object {
                      "className": "btn btn-info btn-block mt-4",
                      "type": "submit",
                    },
                    "ref": null,
                    "rendered": null,
                    "type": "input",
                  },
                ],
                "type": "form",
              },
            ],
            "type": "div",
          },
          "type": "div",
        },
        "type": "div",
      },
      "type": "div",
    },
    "type": "div",
  },
  Symbol(enzyme.__nodes__): Array [
    Object {
      "instance": null,
      "key": undefined,
      "nodeType": "host",
      "props": Object {
        "children": <div
          className="login"
        >
          <div
            className="container"
          >
            <div
              className="row"
            >
              <div
                className="col-md-8 m-auto"
              >
                <h1
                  className="display-4 text-center"
                >
                  Log In
                </h1>
                <p
                  className="lead text-center"
                >
                  Sign in to your DevConnector account
                </p>
                <form>
                  <TextFieldGroup
                    name="email"
                    placeholder="Email Address"
                    type="email"
                    value=""
                  />
                  <TextFieldGroup
                    name="password"
                    placeholder="Password"
                    type="password"
                    value=""
                  />
                  <input
                    className="btn btn-info btn-block mt-4"
                    type="submit"
                  />
                </form>
              </div>
            </div>
          </div>
        </div>,
      },
      "ref": null,
      "rendered": Object {
        "instance": null,
        "key": undefined,
        "nodeType": "host",
        "props": Object {
          "children": <div
            className="container"
          >
            <div
              className="row"
            >
              <div
                className="col-md-8 m-auto"
              >
                <h1
                  className="display-4 text-center"
                >
                  Log In
                </h1>
                <p
                  className="lead text-center"
                >
                  Sign in to your DevConnector account
                </p>
                <form>
                  <TextFieldGroup
                    name="email"
                    placeholder="Email Address"
                    type="email"
                    value=""
                  />
                  <TextFieldGroup
                    name="password"
                    placeholder="Password"
                    type="password"
                    value=""
                  />
                  <input
                    className="btn btn-info btn-block mt-4"
                    type="submit"
                  />
                </form>
              </div>
            </div>
          </div>,
          "className": "login",
        },
        "ref": null,
        "rendered": Object {
          "instance": null,
          "key": undefined,
          "nodeType": "host",
          "props": Object {
            "children": <div
              className="row"
            >
              <div
                className="col-md-8 m-auto"
              >
                <h1
                  className="display-4 text-center"
                >
                  Log In
                </h1>
                <p
                  className="lead text-center"
                >
                  Sign in to your DevConnector account
                </p>
                <form>
                  <TextFieldGroup
                    name="email"
                    placeholder="Email Address"
                    type="email"
                    value=""
                  />
                  <TextFieldGroup
                    name="password"
                    placeholder="Password"
                    type="password"
                    value=""
                  />
                  <input
                    className="btn btn-info btn-block mt-4"
                    type="submit"
                  />
                </form>
              </div>
            </div>,
            "className": "container",
          },
          "ref": null,
          "rendered": Object {
            "instance": null,
            "key": undefined,
            "nodeType": "host",
            "props": Object {
              "children": <div
                className="col-md-8 m-auto"
              >
                <h1
                  className="display-4 text-center"
                >
                  Log In
                </h1>
                <p
                  className="lead text-center"
                >
                  Sign in to your DevConnector account
                </p>
                <form>
                  <TextFieldGroup
                    name="email"
                    placeholder="Email Address"
                    type="email"
                    value=""
                  />
                  <TextFieldGroup
                    name="password"
                    placeholder="Password"
                    type="password"
                    value=""
                  />
                  <input
                    className="btn btn-info btn-block mt-4"
                    type="submit"
                  />
                </form>
              </div>,
              "className": "row",
            },
            "ref": null,
            "rendered": Object {
              "instance": null,
              "key": undefined,
              "nodeType": "host",
              "props": Object {
                "children": Array [
                  <h1
                    className="display-4 text-center"
                  >
                    Log In
                  </h1>,
                  <p
                    className="lead text-center"
                  >
                    Sign in to your DevConnector account
                  </p>,
                  <form>
                    <TextFieldGroup
                      name="email"
                      placeholder="Email Address"
                      type="email"
                      value=""
                    />
                    <TextFieldGroup
                      name="password"
                      placeholder="Password"
                      type="password"
                      value=""
                    />
                    <input
                      className="btn btn-info btn-block mt-4"
                      type="submit"
                    />
                  </form>,
                ],
                "className": "col-md-8 m-auto",
              },
              "ref": null,
              "rendered": Array [
                Object {
                  "instance": null,
                  "key": undefined,
                  "nodeType": "host",
                  "props": Object {
                    "children": "Log In",
                    "className": "display-4 text-center",
                  },
                  "ref": null,
                  "rendered": "Log In",
                  "type": "h1",
                },
                Object {
                  "instance": null,
                  "key": undefined,
                  "nodeType": "host",
                  "props": Object {
                    "children": "Sign in to your DevConnector account",
                    "className": "lead text-center",
                  },
                  "ref": null,
                  "rendered": "Sign in to your DevConnector account",
                  "type": "p",
                },
                Object {
                  "instance": null,
                  "key": undefined,
                  "nodeType": "host",
                  "props": Object {
                    "children": Array [
                      <TextFieldGroup
                        name="email"
                        placeholder="Email Address"
                        type="email"
                        value=""
                      />,
                      <TextFieldGroup
                        name="password"
                        placeholder="Password"
                        type="password"
                        value=""
                      />,
                      <input
                        className="btn btn-info btn-block mt-4"
                        type="submit"
                      />,
                    ],
                    "onSubmit": undefined,
                  },
                  "ref": null,
                  "rendered": Array [
                    Object {
                      "instance": null,
                      "key": undefined,
                      "nodeType": "function",
                      "props": Object {
                        "name": "email",
                        "onChange": undefined,
                        "placeholder": "Email Address",
                        "type": "email",
                        "value": "",
                      },
                      "ref": null,
                      "rendered": null,
                      "type": [Function],
                    },
                    Object {
                      "instance": null,
                      "key": undefined,
                      "nodeType": "function",
                      "props": Object {
                        "name": "password",
                        "onChange": undefined,
                        "placeholder": "Password",
                        "type": "password",
                        "value": "",
                      },
                      "ref": null,
                      "rendered": null,
                      "type": [Function],
                    },
                    Object {
                      "instance": null,
                      "key": undefined,
                      "nodeType": "host",
                      "props": Object {
                        "className": "btn btn-info btn-block mt-4",
                        "type": "submit",
                      },
                      "ref": null,
                      "rendered": null,
                      "type": "input",
                    },
                  ],
                  "type": "form",
                },
              ],
              "type": "div",
            },
            "type": "div",
          },
          "type": "div",
        },
        "type": "div",
      },
      "type": "div",
    },
  ],
  Symbol(enzyme.__options__): Object {
    "adapter": ReactSixteenAdapter {
      "options": Object {
        "enableComponentDidUpdateOnSetState": true,
        "lifecycles": Object {
          "componentDidUpdate": Object {
            "onSetState": true,
          },
          "getDerivedStateFromProps": true,
          "getSnapshotBeforeUpdate": true,
          "setState": Object {
            "skipsComponentDidUpdateOnNullish": true,
          },
        },
      },
    },
  },
}
`;
