// Jest Snapshot v1, https://goo.gl/fbAQLP

exports[`Register Form should render correctly 1`] = `
ShallowWrapper {
  Symbol(enzyme.__root__): [Circular],
  Symbol(enzyme.__unrendered__): <Register
    auth={
      Object {
        "auth": "auth",
      }
    }
    errors={
      Object {
        "errors": "error",
      }
    }
    registerUser={[MockFunction]}
  />,
  Symbol(enzyme.__renderer__): Object {
    "batchedUpdates": [Function],
    "getNode": [Function],
    "render": [Function],
    "simulateError": [Function],
    "simulateEvent": [Function],
    "unmount": [Function],
  },
  Symbol(enzyme.__node__): Object {
    "instance": null,
    "key": undefined,
    "nodeType": "host",
    "props": Object {
      "children": <div
        className="container"
      >
        <h1
          className="display-4 text-center"
        >
          Sign Up
        </h1>
        <h3
          className="lead text-center"
        >
          Create your Members Account
        </h3>
        <form
          noValidate={true}
          onSubmit={[Function]}
        >
          <TextFieldGroup
            name="name"
            onChange={[Function]}
            placeholder="Name"
            type="name"
            value=""
          />
          <TextFieldGroup
            name="email"
            onChange={[Function]}
            placeholder="Email Address"
            type="email"
            value=""
          />
          <TextFieldGroup
            name="password"
            onChange={[Function]}
            placeholder="Password"
            type="password"
            value=""
          />
          <TextFieldGroup
            name="password2"
            onChange={[Function]}
            placeholder="Confirm Password"
            type="password"
            value=""
          />
          <input
            className="button button-info"
            type="submit"
          />
        </form>
      </div>,
      "className": "register",
    },
    "ref": null,
    "rendered": Object {
      "instance": null,
      "key": undefined,
      "nodeType": "host",
      "props": Object {
        "children": Array [
          <h1
            className="display-4 text-center"
          >
            Sign Up
          </h1>,
          <h3
            className="lead text-center"
          >
            Create your Members Account
          </h3>,
          <form
            noValidate={true}
            onSubmit={[Function]}
          >
            <TextFieldGroup
              name="name"
              onChange={[Function]}
              placeholder="Name"
              type="name"
              value=""
            />
            <TextFieldGroup
              name="email"
              onChange={[Function]}
              placeholder="Email Address"
              type="email"
              value=""
            />
            <TextFieldGroup
              name="password"
              onChange={[Function]}
              placeholder="Password"
              type="password"
              value=""
            />
            <TextFieldGroup
              name="password2"
              onChange={[Function]}
              placeholder="Confirm Password"
              type="password"
              value=""
            />
            <input
              className="button button-info"
              type="submit"
            />
          </form>,
        ],
        "className": "container",
      },
      "ref": null,
      "rendered": Array [
        Object {
          "instance": null,
          "key": undefined,
          "nodeType": "host",
          "props": Object {
            "children": "Sign Up",
            "className": "display-4 text-center",
          },
          "ref": null,
          "rendered": "Sign Up",
          "type": "h1",
        },
        Object {
          "instance": null,
          "key": undefined,
          "nodeType": "host",
          "props": Object {
            "children": "Create your Members Account",
            "className": "lead text-center",
          },
          "ref": null,
          "rendered": "Create your Members Account",
          "type": "h3",
        },
        Object {
          "instance": null,
          "key": undefined,
          "nodeType": "host",
          "props": Object {
            "children": Array [
              <TextFieldGroup
                name="name"
                onChange={[Function]}
                placeholder="Name"
                type="name"
                value=""
              />,
              <TextFieldGroup
                name="email"
                onChange={[Function]}
                placeholder="Email Address"
                type="email"
                value=""
              />,
              <TextFieldGroup
                name="password"
                onChange={[Function]}
                placeholder="Password"
                type="password"
                value=""
              />,
              <TextFieldGroup
                name="password2"
                onChange={[Function]}
                placeholder="Confirm Password"
                type="password"
                value=""
              />,
              <input
                className="button button-info"
                type="submit"
              />,
            ],
            "noValidate": true,
            "onSubmit": [Function],
          },
          "ref": null,
          "rendered": Array [
            Object {
              "instance": null,
              "key": undefined,
              "nodeType": "function",
              "props": Object {
                "error": undefined,
                "name": "name",
                "onChange": [Function],
                "placeholder": "Name",
                "type": "name",
                "value": "",
              },
              "ref": null,
              "rendered": null,
              "type": [Function],
            },
            Object {
              "instance": null,
              "key": undefined,
              "nodeType": "function",
              "props": Object {
                "error": undefined,
                "name": "email",
                "onChange": [Function],
                "placeholder": "Email Address",
                "type": "email",
                "value": "",
              },
              "ref": null,
              "rendered": null,
              "type": [Function],
            },
            Object {
              "instance": null,
              "key": undefined,
              "nodeType": "function",
              "props": Object {
                "error": undefined,
                "name": "password",
                "onChange": [Function],
                "placeholder": "Password",
                "type": "password",
                "value": "",
              },
              "ref": null,
              "rendered": null,
              "type": [Function],
            },
            Object {
              "instance": null,
              "key": undefined,
              "nodeType": "function",
              "props": Object {
                "error": undefined,
                "name": "password2",
                "onChange": [Function],
                "placeholder": "Confirm Password",
                "type": "password",
                "value": "",
              },
              "ref": null,
              "rendered": null,
              "type": [Function],
            },
            Object {
              "instance": null,
              "key": undefined,
              "nodeType": "host",
              "props": Object {
                "className": "button button-info",
                "type": "submit",
              },
              "ref": null,
              "rendered": null,
              "type": "input",
            },
          ],
          "type": "form",
        },
      ],
      "type": "div",
    },
    "type": "div",
  },
  Symbol(enzyme.__nodes__): Array [
    Object {
      "instance": null,
      "key": undefined,
      "nodeType": "host",
      "props": Object {
        "children": <div
          className="container"
        >
          <h1
            className="display-4 text-center"
          >
            Sign Up
          </h1>
          <h3
            className="lead text-center"
          >
            Create your Members Account
          </h3>
          <form
            noValidate={true}
            onSubmit={[Function]}
          >
            <TextFieldGroup
              name="name"
              onChange={[Function]}
              placeholder="Name"
              type="name"
              value=""
            />
            <TextFieldGroup
              name="email"
              onChange={[Function]}
              placeholder="Email Address"
              type="email"
              value=""
            />
            <TextFieldGroup
              name="password"
              onChange={[Function]}
              placeholder="Password"
              type="password"
              value=""
            />
            <TextFieldGroup
              name="password2"
              onChange={[Function]}
              placeholder="Confirm Password"
              type="password"
              value=""
            />
            <input
              className="button button-info"
              type="submit"
            />
          </form>
        </div>,
        "className": "register",
      },
      "ref": null,
      "rendered": Object {
        "instance": null,
        "key": undefined,
        "nodeType": "host",
        "props": Object {
          "children": Array [
            <h1
              className="display-4 text-center"
            >
              Sign Up
            </h1>,
            <h3
              className="lead text-center"
            >
              Create your Members Account
            </h3>,
            <form
              noValidate={true}
              onSubmit={[Function]}
            >
              <TextFieldGroup
                name="name"
                onChange={[Function]}
                placeholder="Name"
                type="name"
                value=""
              />
              <TextFieldGroup
                name="email"
                onChange={[Function]}
                placeholder="Email Address"
                type="email"
                value=""
              />
              <TextFieldGroup
                name="password"
                onChange={[Function]}
                placeholder="Password"
                type="password"
                value=""
              />
              <TextFieldGroup
                name="password2"
                onChange={[Function]}
                placeholder="Confirm Password"
                type="password"
                value=""
              />
              <input
                className="button button-info"
                type="submit"
              />
            </form>,
          ],
          "className": "container",
        },
        "ref": null,
        "rendered": Array [
          Object {
            "instance": null,
            "key": undefined,
            "nodeType": "host",
            "props": Object {
              "children": "Sign Up",
              "className": "display-4 text-center",
            },
            "ref": null,
            "rendered": "Sign Up",
            "type": "h1",
          },
          Object {
            "instance": null,
            "key": undefined,
            "nodeType": "host",
            "props": Object {
              "children": "Create your Members Account",
              "className": "lead text-center",
            },
            "ref": null,
            "rendered": "Create your Members Account",
            "type": "h3",
          },
          Object {
            "instance": null,
            "key": undefined,
            "nodeType": "host",
            "props": Object {
              "children": Array [
                <TextFieldGroup
                  name="name"
                  onChange={[Function]}
                  placeholder="Name"
                  type="name"
                  value=""
                />,
                <TextFieldGroup
                  name="email"
                  onChange={[Function]}
                  placeholder="Email Address"
                  type="email"
                  value=""
                />,
                <TextFieldGroup
                  name="password"
                  onChange={[Function]}
                  placeholder="Password"
                  type="password"
                  value=""
                />,
                <TextFieldGroup
                  name="password2"
                  onChange={[Function]}
                  placeholder="Confirm Password"
                  type="password"
                  value=""
                />,
                <input
                  className="button button-info"
                  type="submit"
                />,
              ],
              "noValidate": true,
              "onSubmit": [Function],
            },
            "ref": null,
            "rendered": Array [
              Object {
                "instance": null,
                "key": undefined,
                "nodeType": "function",
                "props": Object {
                  "error": undefined,
                  "name": "name",
                  "onChange": [Function],
                  "placeholder": "Name",
                  "type": "name",
                  "value": "",
                },
                "ref": null,
                "rendered": null,
                "type": [Function],
              },
              Object {
                "instance": null,
                "key": undefined,
                "nodeType": "function",
                "props": Object {
                  "error": undefined,
                  "name": "email",
                  "onChange": [Function],
                  "placeholder": "Email Address",
                  "type": "email",
                  "value": "",
                },
                "ref": null,
                "rendered": null,
                "type": [Function],
              },
              Object {
                "instance": null,
                "key": undefined,
                "nodeType": "function",
                "props": Object {
                  "error": undefined,
                  "name": "password",
                  "onChange": [Function],
                  "placeholder": "Password",
                  "type": "password",
                  "value": "",
                },
                "ref": null,
                "rendered": null,
                "type": [Function],
              },
              Object {
                "instance": null,
                "key": undefined,
                "nodeType": "function",
                "props": Object {
                  "error": undefined,
                  "name": "password2",
                  "onChange": [Function],
                  "placeholder": "Confirm Password",
                  "type": "password",
                  "value": "",
                },
                "ref": null,
                "rendered": null,
                "type": [Function],
              },
              Object {
                "instance": null,
                "key": undefined,
                "nodeType": "host",
                "props": Object {
                  "className": "button button-info",
                  "type": "submit",
                },
                "ref": null,
                "rendered": null,
                "type": "input",
              },
            ],
            "type": "form",
          },
        ],
        "type": "div",
      },
      "type": "div",
    },
  ],
  Symbol(enzyme.__options__): Object {
    "adapter": ReactSixteenAdapter {
      "options": Object {
        "enableComponentDidUpdateOnSetState": true,
        "lifecycles": Object {
          "componentDidUpdate": Object {
            "onSetState": true,
          },
          "getDerivedStateFromProps": true,
          "getSnapshotBeforeUpdate": true,
          "setState": Object {
            "skipsComponentDidUpdateOnNullish": true,
          },
        },
      },
    },
  },
}
`;

exports[`Register Form should set the state on change 1`] = `
ShallowWrapper {
  Symbol(enzyme.__root__): [Circular],
  Symbol(enzyme.__unrendered__): <Register
    auth={
      Object {
        "auth": "auth",
      }
    }
    errors={
      Object {
        "errors": "error",
      }
    }
    registerUser={[MockFunction]}
  />,
  Symbol(enzyme.__renderer__): Object {
    "batchedUpdates": [Function],
    "getNode": [Function],
    "render": [Function],
    "simulateError": [Function],
    "simulateEvent": [Function],
    "unmount": [Function],
  },
  Symbol(enzyme.__node__): Object {
    "instance": null,
    "key": undefined,
    "nodeType": "host",
    "props": Object {
      "children": <div
        className="container"
      >
        <h1
          className="display-4 text-center"
        >
          Sign Up
        </h1>
        <h3
          className="lead text-center"
        >
          Create your Members Account
        </h3>
        <form
          noValidate={true}
          onSubmit={[Function]}
        >
          <TextFieldGroup
            name="name"
            onChange={[Function]}
            placeholder="Name"
            type="name"
            value=""
          />
          <TextFieldGroup
            name="email"
            onChange={[Function]}
            placeholder="Email Address"
            type="email"
            value=""
          />
          <TextFieldGroup
            name="password"
            onChange={[Function]}
            placeholder="Password"
            type="password"
            value=""
          />
          <TextFieldGroup
            name="password2"
            onChange={[Function]}
            placeholder="Confirm Password"
            type="password"
            value=""
          />
          <input
            className="button button-info"
            type="submit"
          />
        </form>
      </div>,
      "className": "register",
    },
    "ref": null,
    "rendered": Object {
      "instance": null,
      "key": undefined,
      "nodeType": "host",
      "props": Object {
        "children": Array [
          <h1
            className="display-4 text-center"
          >
            Sign Up
          </h1>,
          <h3
            className="lead text-center"
          >
            Create your Members Account
          </h3>,
          <form
            noValidate={true}
            onSubmit={[Function]}
          >
            <TextFieldGroup
              name="name"
              onChange={[Function]}
              placeholder="Name"
              type="name"
              value=""
            />
            <TextFieldGroup
              name="email"
              onChange={[Function]}
              placeholder="Email Address"
              type="email"
              value=""
            />
            <TextFieldGroup
              name="password"
              onChange={[Function]}
              placeholder="Password"
              type="password"
              value=""
            />
            <TextFieldGroup
              name="password2"
              onChange={[Function]}
              placeholder="Confirm Password"
              type="password"
              value=""
            />
            <input
              className="button button-info"
              type="submit"
            />
          </form>,
        ],
        "className": "container",
      },
      "ref": null,
      "rendered": Array [
        Object {
          "instance": null,
          "key": undefined,
          "nodeType": "host",
          "props": Object {
            "children": "Sign Up",
            "className": "display-4 text-center",
          },
          "ref": null,
          "rendered": "Sign Up",
          "type": "h1",
        },
        Object {
          "instance": null,
          "key": undefined,
          "nodeType": "host",
          "props": Object {
            "children": "Create your Members Account",
            "className": "lead text-center",
          },
          "ref": null,
          "rendered": "Create your Members Account",
          "type": "h3",
        },
        Object {
          "instance": null,
          "key": undefined,
          "nodeType": "host",
          "props": Object {
            "children": Array [
              <TextFieldGroup
                name="name"
                onChange={[Function]}
                placeholder="Name"
                type="name"
                value=""
              />,
              <TextFieldGroup
                name="email"
                onChange={[Function]}
                placeholder="Email Address"
                type="email"
                value=""
              />,
              <TextFieldGroup
                name="password"
                onChange={[Function]}
                placeholder="Password"
                type="password"
                value=""
              />,
              <TextFieldGroup
                name="password2"
                onChange={[Function]}
                placeholder="Confirm Password"
                type="password"
                value=""
              />,
              <input
                className="button button-info"
                type="submit"
              />,
            ],
            "noValidate": true,
            "onSubmit": [Function],
          },
          "ref": null,
          "rendered": Array [
            Object {
              "instance": null,
              "key": undefined,
              "nodeType": "function",
              "props": Object {
                "error": undefined,
                "name": "name",
                "onChange": [Function],
                "placeholder": "Name",
                "type": "name",
                "value": "",
              },
              "ref": null,
              "rendered": null,
              "type": [Function],
            },
            Object {
              "instance": null,
              "key": undefined,
              "nodeType": "function",
              "props": Object {
                "error": undefined,
                "name": "email",
                "onChange": [Function],
                "placeholder": "Email Address",
                "type": "email",
                "value": "",
              },
              "ref": null,
              "rendered": null,
              "type": [Function],
            },
            Object {
              "instance": null,
              "key": undefined,
              "nodeType": "function",
              "props": Object {
                "error": undefined,
                "name": "password",
                "onChange": [Function],
                "placeholder": "Password",
                "type": "password",
                "value": "",
              },
              "ref": null,
              "rendered": null,
              "type": [Function],
            },
            Object {
              "instance": null,
              "key": undefined,
              "nodeType": "function",
              "props": Object {
                "error": undefined,
                "name": "password2",
                "onChange": [Function],
                "placeholder": "Confirm Password",
                "type": "password",
                "value": "",
              },
              "ref": null,
              "rendered": null,
              "type": [Function],
            },
            Object {
              "instance": null,
              "key": undefined,
              "nodeType": "host",
              "props": Object {
                "className": "button button-info",
                "type": "submit",
              },
              "ref": null,
              "rendered": null,
              "type": "input",
            },
          ],
          "type": "form",
        },
      ],
      "type": "div",
    },
    "type": "div",
  },
  Symbol(enzyme.__nodes__): Array [
    Object {
      "instance": null,
      "key": undefined,
      "nodeType": "host",
      "props": Object {
        "children": <div
          className="container"
        >
          <h1
            className="display-4 text-center"
          >
            Sign Up
          </h1>
          <h3
            className="lead text-center"
          >
            Create your Members Account
          </h3>
          <form
            noValidate={true}
            onSubmit={[Function]}
          >
            <TextFieldGroup
              name="name"
              onChange={[Function]}
              placeholder="Name"
              type="name"
              value=""
            />
            <TextFieldGroup
              name="email"
              onChange={[Function]}
              placeholder="Email Address"
              type="email"
              value=""
            />
            <TextFieldGroup
              name="password"
              onChange={[Function]}
              placeholder="Password"
              type="password"
              value=""
            />
            <TextFieldGroup
              name="password2"
              onChange={[Function]}
              placeholder="Confirm Password"
              type="password"
              value=""
            />
            <input
              className="button button-info"
              type="submit"
            />
          </form>
        </div>,
        "className": "register",
      },
      "ref": null,
      "rendered": Object {
        "instance": null,
        "key": undefined,
        "nodeType": "host",
        "props": Object {
          "children": Array [
            <h1
              className="display-4 text-center"
            >
              Sign Up
            </h1>,
            <h3
              className="lead text-center"
            >
              Create your Members Account
            </h3>,
            <form
              noValidate={true}
              onSubmit={[Function]}
            >
              <TextFieldGroup
                name="name"
                onChange={[Function]}
                placeholder="Name"
                type="name"
                value=""
              />
              <TextFieldGroup
                name="email"
                onChange={[Function]}
                placeholder="Email Address"
                type="email"
                value=""
              />
              <TextFieldGroup
                name="password"
                onChange={[Function]}
                placeholder="Password"
                type="password"
                value=""
              />
              <TextFieldGroup
                name="password2"
                onChange={[Function]}
                placeholder="Confirm Password"
                type="password"
                value=""
              />
              <input
                className="button button-info"
                type="submit"
              />
            </form>,
          ],
          "className": "container",
        },
        "ref": null,
        "rendered": Array [
          Object {
            "instance": null,
            "key": undefined,
            "nodeType": "host",
            "props": Object {
              "children": "Sign Up",
              "className": "display-4 text-center",
            },
            "ref": null,
            "rendered": "Sign Up",
            "type": "h1",
          },
          Object {
            "instance": null,
            "key": undefined,
            "nodeType": "host",
            "props": Object {
              "children": "Create your Members Account",
              "className": "lead text-center",
            },
            "ref": null,
            "rendered": "Create your Members Account",
            "type": "h3",
          },
          Object {
            "instance": null,
            "key": undefined,
            "nodeType": "host",
            "props": Object {
              "children": Array [
                <TextFieldGroup
                  name="name"
                  onChange={[Function]}
                  placeholder="Name"
                  type="name"
                  value=""
                />,
                <TextFieldGroup
                  name="email"
                  onChange={[Function]}
                  placeholder="Email Address"
                  type="email"
                  value=""
                />,
                <TextFieldGroup
                  name="password"
                  onChange={[Function]}
                  placeholder="Password"
                  type="password"
                  value=""
                />,
                <TextFieldGroup
                  name="password2"
                  onChange={[Function]}
                  placeholder="Confirm Password"
                  type="password"
                  value=""
                />,
                <input
                  className="button button-info"
                  type="submit"
                />,
              ],
              "noValidate": true,
              "onSubmit": [Function],
            },
            "ref": null,
            "rendered": Array [
              Object {
                "instance": null,
                "key": undefined,
                "nodeType": "function",
                "props": Object {
                  "error": undefined,
                  "name": "name",
                  "onChange": [Function],
                  "placeholder": "Name",
                  "type": "name",
                  "value": "",
                },
                "ref": null,
                "rendered": null,
                "type": [Function],
              },
              Object {
                "instance": null,
                "key": undefined,
                "nodeType": "function",
                "props": Object {
                  "error": undefined,
                  "name": "email",
                  "onChange": [Function],
                  "placeholder": "Email Address",
                  "type": "email",
                  "value": "",
                },
                "ref": null,
                "rendered": null,
                "type": [Function],
              },
              Object {
                "instance": null,
                "key": undefined,
                "nodeType": "function",
                "props": Object {
                  "error": undefined,
                  "name": "password",
                  "onChange": [Function],
                  "placeholder": "Password",
                  "type": "password",
                  "value": "",
                },
                "ref": null,
                "rendered": null,
                "type": [Function],
              },
              Object {
                "instance": null,
                "key": undefined,
                "nodeType": "function",
                "props": Object {
                  "error": undefined,
                  "name": "password2",
                  "onChange": [Function],
                  "placeholder": "Confirm Password",
                  "type": "password",
                  "value": "",
                },
                "ref": null,
                "rendered": null,
                "type": [Function],
              },
              Object {
                "instance": null,
                "key": undefined,
                "nodeType": "host",
                "props": Object {
                  "className": "button button-info",
                  "type": "submit",
                },
                "ref": null,
                "rendered": null,
                "type": "input",
              },
            ],
            "type": "form",
          },
        ],
        "type": "div",
      },
      "type": "div",
    },
  ],
  Symbol(enzyme.__options__): Object {
    "adapter": ReactSixteenAdapter {
      "options": Object {
        "enableComponentDidUpdateOnSetState": true,
        "lifecycles": Object {
          "componentDidUpdate": Object {
            "onSetState": true,
          },
          "getDerivedStateFromProps": true,
          "getSnapshotBeforeUpdate": true,
          "setState": Object {
            "skipsComponentDidUpdateOnNullish": true,
          },
        },
      },
    },
  },
}
`;
