// Jest Snapshot v1, https://goo.gl/fbAQLP

exports[`App Router renders as expected 1`] = `
ShallowWrapper {
  Symbol(enzyme.__root__): [Circular],
  Symbol(enzyme.__unrendered__): <AppRouter />,
  Symbol(enzyme.__renderer__): Object {
    "batchedUpdates": [Function],
    "getNode": [Function],
    "render": [Function],
    "simulateError": [Function],
    "simulateEvent": [Function],
    "unmount": [Function],
  },
  Symbol(enzyme.__node__): Object {
    "instance": null,
    "key": undefined,
    "nodeType": "class",
    "props": Object {
      "children": <div
        className="app-container"
      >
        <Connect(Menu) />
        <Switch>
          <Route
            component={[Function]}
            exact={true}
            path="/"
          />
          <Route
            component={[Function]}
            exact={true}
            path="/login"
          />
          <Route
            component={[Function]}
            exact={true}
            path="/register"
          />
          <Route
            component={[Function]}
            exact={true}
            path="/theory"
          />
          <Route
            component={[Function]}
            exact={true}
            path="/links"
          />
          <Route
            component={[Function]}
            exact={true}
            path="/about"
          />
          <Route
            component={[Function]}
            exact={true}
            path="/history"
          />
          <Route
            component={[Function]}
            path="/not-found"
          />
        </Switch>
        <Switch>
          <Connect(PrivateRoute)
            component={[Function]}
            exact={true}
            path="/members"
          />
        </Switch>
        <Switch>
          <Connect(PrivateRoute)
            component={[Function]}
            exact={true}
            path="/mindmap"
          />
        </Switch>
        <Switch>
          <Connect(PrivateRoute)
            component={[Function]}
            exact={true}
            path="/memberphoto"
          />
        </Switch>
        <Footer />
      </div>,
    },
    "ref": null,
    "rendered": Object {
      "instance": null,
      "key": undefined,
      "nodeType": "host",
      "props": Object {
        "children": Array [
          <Connect(Menu) />,
          <Switch>
            <Route
              component={[Function]}
              exact={true}
              path="/"
            />
            <Route
              component={[Function]}
              exact={true}
              path="/login"
            />
            <Route
              component={[Function]}
              exact={true}
              path="/register"
            />
            <Route
              component={[Function]}
              exact={true}
              path="/theory"
            />
            <Route
              component={[Function]}
              exact={true}
              path="/links"
            />
            <Route
              component={[Function]}
              exact={true}
              path="/about"
            />
            <Route
              component={[Function]}
              exact={true}
              path="/history"
            />
            <Route
              component={[Function]}
              path="/not-found"
            />
          </Switch>,
          <Switch>
            <Connect(PrivateRoute)
              component={[Function]}
              exact={true}
              path="/members"
            />
          </Switch>,
          <Switch>
            <Connect(PrivateRoute)
              component={[Function]}
              exact={true}
              path="/mindmap"
            />
          </Switch>,
          <Switch>
            <Connect(PrivateRoute)
              component={[Function]}
              exact={true}
              path="/memberphoto"
            />
          </Switch>,
          <Footer />,
        ],
        "className": "app-container",
      },
      "ref": null,
      "rendered": Array [
        Object {
          "instance": null,
          "key": undefined,
          "nodeType": "class",
          "props": Object {},
          "ref": null,
          "rendered": null,
          "type": [Function],
        },
        Object {
          "instance": null,
          "key": undefined,
          "nodeType": "class",
          "props": Object {
            "children": Array [
              <Route
                component={[Function]}
                exact={true}
                path="/"
              />,
              <Route
                component={[Function]}
                exact={true}
                path="/login"
              />,
              <Route
                component={[Function]}
                exact={true}
                path="/register"
              />,
              <Route
                component={[Function]}
                exact={true}
                path="/theory"
              />,
              <Route
                component={[Function]}
                exact={true}
                path="/links"
              />,
              <Route
                component={[Function]}
                exact={true}
                path="/about"
              />,
              <Route
                component={[Function]}
                exact={true}
                path="/history"
              />,
              <Route
                component={[Function]}
                path="/not-found"
              />,
            ],
          },
          "ref": null,
          "rendered": Array [
            Object {
              "instance": null,
              "key": undefined,
              "nodeType": "class",
              "props": Object {
                "component": [Function],
                "exact": true,
                "path": "/",
              },
              "ref": null,
              "rendered": null,
              "type": [Function],
            },
            Object {
              "instance": null,
              "key": undefined,
              "nodeType": "class",
              "props": Object {
                "component": [Function],
                "exact": true,
                "path": "/login",
              },
              "ref": null,
              "rendered": null,
              "type": [Function],
            },
            Object {
              "instance": null,
              "key": undefined,
              "nodeType": "class",
              "props": Object {
                "component": [Function],
                "exact": true,
                "path": "/register",
              },
              "ref": null,
              "rendered": null,
              "type": [Function],
            },
            Object {
              "instance": null,
              "key": undefined,
              "nodeType": "class",
              "props": Object {
                "component": [Function],
                "exact": true,
                "path": "/theory",
              },
              "ref": null,
              "rendered": null,
              "type": [Function],
            },
            Object {
              "instance": null,
              "key": undefined,
              "nodeType": "class",
              "props": Object {
                "component": [Function],
                "exact": true,
                "path": "/links",
              },
              "ref": null,
              "rendered": null,
              "type": [Function],
            },
            Object {
              "instance": null,
              "key": undefined,
              "nodeType": "class",
              "props": Object {
                "component": [Function],
                "exact": true,
                "path": "/about",
              },
              "ref": null,
              "rendered": null,
              "type": [Function],
            },
            Object {
              "instance": null,
              "key": undefined,
              "nodeType": "class",
              "props": Object {
                "component": [Function],
                "exact": true,
                "path": "/history",
              },
              "ref": null,
              "rendered": null,
              "type": [Function],
            },
            Object {
              "instance": null,
              "key": undefined,
              "nodeType": "class",
              "props": Object {
                "component": [Function],
                "path": "/not-found",
              },
              "ref": null,
              "rendered": null,
              "type": [Function],
            },
          ],
          "type": [Function],
        },
        Object {
          "instance": null,
          "key": undefined,
          "nodeType": "class",
          "props": Object {
            "children": <Connect(PrivateRoute)
              component={[Function]}
              exact={true}
              path="/members"
            />,
          },
          "ref": null,
          "rendered": Object {
            "instance": null,
            "key": undefined,
            "nodeType": "class",
            "props": Object {
              "component": [Function],
              "exact": true,
              "path": "/members",
            },
            "ref": null,
            "rendered": null,
            "type": [Function],
          },
          "type": [Function],
        },
        Object {
          "instance": null,
          "key": undefined,
          "nodeType": "class",
          "props": Object {
            "children": <Connect(PrivateRoute)
              component={[Function]}
              exact={true}
              path="/mindmap"
            />,
          },
          "ref": null,
          "rendered": Object {
            "instance": null,
            "key": undefined,
            "nodeType": "class",
            "props": Object {
              "component": [Function],
              "exact": true,
              "path": "/mindmap",
            },
            "ref": null,
            "rendered": null,
            "type": [Function],
          },
          "type": [Function],
        },
        Object {
          "instance": null,
          "key": undefined,
          "nodeType": "class",
          "props": Object {
            "children": <Connect(PrivateRoute)
              component={[Function]}
              exact={true}
              path="/memberphoto"
            />,
          },
          "ref": null,
          "rendered": Object {
            "instance": null,
            "key": undefined,
            "nodeType": "class",
            "props": Object {
              "component": [Function],
              "exact": true,
              "path": "/memberphoto",
            },
            "ref": null,
            "rendered": null,
            "type": [Function],
          },
          "type": [Function],
        },
        Object {
          "instance": null,
          "key": undefined,
          "nodeType": "function",
          "props": Object {},
          "ref": null,
          "rendered": null,
          "type": [Function],
        },
      ],
      "type": "div",
    },
    "type": [Function],
  },
  Symbol(enzyme.__nodes__): Array [
    Object {
      "instance": null,
      "key": undefined,
      "nodeType": "class",
      "props": Object {
        "children": <div
          className="app-container"
        >
          <Connect(Menu) />
          <Switch>
            <Route
              component={[Function]}
              exact={true}
              path="/"
            />
            <Route
              component={[Function]}
              exact={true}
              path="/login"
            />
            <Route
              component={[Function]}
              exact={true}
              path="/register"
            />
            <Route
              component={[Function]}
              exact={true}
              path="/theory"
            />
            <Route
              component={[Function]}
              exact={true}
              path="/links"
            />
            <Route
              component={[Function]}
              exact={true}
              path="/about"
            />
            <Route
              component={[Function]}
              exact={true}
              path="/history"
            />
            <Route
              component={[Function]}
              path="/not-found"
            />
          </Switch>
          <Switch>
            <Connect(PrivateRoute)
              component={[Function]}
              exact={true}
              path="/members"
            />
          </Switch>
          <Switch>
            <Connect(PrivateRoute)
              component={[Function]}
              exact={true}
              path="/mindmap"
            />
          </Switch>
          <Switch>
            <Connect(PrivateRoute)
              component={[Function]}
              exact={true}
              path="/memberphoto"
            />
          </Switch>
          <Footer />
        </div>,
      },
      "ref": null,
      "rendered": Object {
        "instance": null,
        "key": undefined,
        "nodeType": "host",
        "props": Object {
          "children": Array [
            <Connect(Menu) />,
            <Switch>
              <Route
                component={[Function]}
                exact={true}
                path="/"
              />
              <Route
                component={[Function]}
                exact={true}
                path="/login"
              />
              <Route
                component={[Function]}
                exact={true}
                path="/register"
              />
              <Route
                component={[Function]}
                exact={true}
                path="/theory"
              />
              <Route
                component={[Function]}
                exact={true}
                path="/links"
              />
              <Route
                component={[Function]}
                exact={true}
                path="/about"
              />
              <Route
                component={[Function]}
                exact={true}
                path="/history"
              />
              <Route
                component={[Function]}
                path="/not-found"
              />
            </Switch>,
            <Switch>
              <Connect(PrivateRoute)
                component={[Function]}
                exact={true}
                path="/members"
              />
            </Switch>,
            <Switch>
              <Connect(PrivateRoute)
                component={[Function]}
                exact={true}
                path="/mindmap"
              />
            </Switch>,
            <Switch>
              <Connect(PrivateRoute)
                component={[Function]}
                exact={true}
                path="/memberphoto"
              />
            </Switch>,
            <Footer />,
          ],
          "className": "app-container",
        },
        "ref": null,
        "rendered": Array [
          Object {
            "instance": null,
            "key": undefined,
            "nodeType": "class",
            "props": Object {},
            "ref": null,
            "rendered": null,
            "type": [Function],
          },
          Object {
            "instance": null,
            "key": undefined,
            "nodeType": "class",
            "props": Object {
              "children": Array [
                <Route
                  component={[Function]}
                  exact={true}
                  path="/"
                />,
                <Route
                  component={[Function]}
                  exact={true}
                  path="/login"
                />,
                <Route
                  component={[Function]}
                  exact={true}
                  path="/register"
                />,
                <Route
                  component={[Function]}
                  exact={true}
                  path="/theory"
                />,
                <Route
                  component={[Function]}
                  exact={true}
                  path="/links"
                />,
                <Route
                  component={[Function]}
                  exact={true}
                  path="/about"
                />,
                <Route
                  component={[Function]}
                  exact={true}
                  path="/history"
                />,
                <Route
                  component={[Function]}
                  path="/not-found"
                />,
              ],
            },
            "ref": null,
            "rendered": Array [
              Object {
                "instance": null,
                "key": undefined,
                "nodeType": "class",
                "props": Object {
                  "component": [Function],
                  "exact": true,
                  "path": "/",
                },
                "ref": null,
                "rendered": null,
                "type": [Function],
              },
              Object {
                "instance": null,
                "key": undefined,
                "nodeType": "class",
                "props": Object {
                  "component": [Function],
                  "exact": true,
                  "path": "/login",
                },
                "ref": null,
                "rendered": null,
                "type": [Function],
              },
              Object {
                "instance": null,
                "key": undefined,
                "nodeType": "class",
                "props": Object {
                  "component": [Function],
                  "exact": true,
                  "path": "/register",
                },
                "ref": null,
                "rendered": null,
                "type": [Function],
              },
              Object {
                "instance": null,
                "key": undefined,
                "nodeType": "class",
                "props": Object {
                  "component": [Function],
                  "exact": true,
                  "path": "/theory",
                },
                "ref": null,
                "rendered": null,
                "type": [Function],
              },
              Object {
                "instance": null,
                "key": undefined,
                "nodeType": "class",
                "props": Object {
                  "component": [Function],
                  "exact": true,
                  "path": "/links",
                },
                "ref": null,
                "rendered": null,
                "type": [Function],
              },
              Object {
                "instance": null,
                "key": undefined,
                "nodeType": "class",
                "props": Object {
                  "component": [Function],
                  "exact": true,
                  "path": "/about",
                },
                "ref": null,
                "rendered": null,
                "type": [Function],
              },
              Object {
                "instance": null,
                "key": undefined,
                "nodeType": "class",
                "props": Object {
                  "component": [Function],
                  "exact": true,
                  "path": "/history",
                },
                "ref": null,
                "rendered": null,
                "type": [Function],
              },
              Object {
                "instance": null,
                "key": undefined,
                "nodeType": "class",
                "props": Object {
                  "component": [Function],
                  "path": "/not-found",
                },
                "ref": null,
                "rendered": null,
                "type": [Function],
              },
            ],
            "type": [Function],
          },
          Object {
            "instance": null,
            "key": undefined,
            "nodeType": "class",
            "props": Object {
              "children": <Connect(PrivateRoute)
                component={[Function]}
                exact={true}
                path="/members"
              />,
            },
            "ref": null,
            "rendered": Object {
              "instance": null,
              "key": undefined,
              "nodeType": "class",
              "props": Object {
                "component": [Function],
                "exact": true,
                "path": "/members",
              },
              "ref": null,
              "rendered": null,
              "type": [Function],
            },
            "type": [Function],
          },
          Object {
            "instance": null,
            "key": undefined,
            "nodeType": "class",
            "props": Object {
              "children": <Connect(PrivateRoute)
                component={[Function]}
                exact={true}
                path="/mindmap"
              />,
            },
            "ref": null,
            "rendered": Object {
              "instance": null,
              "key": undefined,
              "nodeType": "class",
              "props": Object {
                "component": [Function],
                "exact": true,
                "path": "/mindmap",
              },
              "ref": null,
              "rendered": null,
              "type": [Function],
            },
            "type": [Function],
          },
          Object {
            "instance": null,
            "key": undefined,
            "nodeType": "class",
            "props": Object {
              "children": <Connect(PrivateRoute)
                component={[Function]}
                exact={true}
                path="/memberphoto"
              />,
            },
            "ref": null,
            "rendered": Object {
              "instance": null,
              "key": undefined,
              "nodeType": "class",
              "props": Object {
                "component": [Function],
                "exact": true,
                "path": "/memberphoto",
              },
              "ref": null,
              "rendered": null,
              "type": [Function],
            },
            "type": [Function],
          },
          Object {
            "instance": null,
            "key": undefined,
            "nodeType": "function",
            "props": Object {},
            "ref": null,
            "rendered": null,
            "type": [Function],
          },
        ],
        "type": "div",
      },
      "type": [Function],
    },
  ],
  Symbol(enzyme.__options__): Object {
    "adapter": ReactSixteenAdapter {
      "options": Object {
        "enableComponentDidUpdateOnSetState": true,
        "lifecycles": Object {
          "componentDidUpdate": Object {
            "onSetState": true,
          },
          "getDerivedStateFromProps": true,
          "getSnapshotBeforeUpdate": true,
          "setState": Object {
            "skipsComponentDidUpdateOnNullish": true,
          },
        },
      },
    },
  },
}
`;
