// Jest Snapshot v1, https://goo.gl/fbAQLP

exports[`Text Area Field Group should render correctly 1`] = `
ShallowWrapper {
  Symbol(enzyme.__root__): [Circular],
  Symbol(enzyme.__unrendered__): <TextAreaFieldGroup
    name="test"
    onChange={[MockFunction]}
    type="text"
    value="test"
  />,
  Symbol(enzyme.__renderer__): Object {
    "batchedUpdates": [Function],
    "getNode": [Function],
    "render": [Function],
    "simulateError": [Function],
    "simulateEvent": [Function],
    "unmount": [Function],
  },
  Symbol(enzyme.__node__): Object {
    "instance": null,
    "key": undefined,
    "nodeType": "host",
    "props": Object {
      "children": Array [
        <textarea
          className="form-control-large"
          name="test"
          onChange={[MockFunction]}
          rows="3"
          value="test"
        />,
        undefined,
        undefined,
      ],
      "className": "form-group",
    },
    "ref": null,
    "rendered": Array [
      Object {
        "instance": null,
        "key": undefined,
        "nodeType": "host",
        "props": Object {
          "className": "form-control-large",
          "name": "test",
          "onChange": [MockFunction],
          "placeholder": undefined,
          "rows": "3",
          "value": "test",
        },
        "ref": null,
        "rendered": null,
        "type": "textarea",
      },
      undefined,
      undefined,
    ],
    "type": "div",
  },
  Symbol(enzyme.__nodes__): Array [
    Object {
      "instance": null,
      "key": undefined,
      "nodeType": "host",
      "props": Object {
        "children": Array [
          <textarea
            className="form-control-large"
            name="test"
            onChange={[MockFunction]}
            rows="3"
            value="test"
          />,
          undefined,
          undefined,
        ],
        "className": "form-group",
      },
      "ref": null,
      "rendered": Array [
        Object {
          "instance": null,
          "key": undefined,
          "nodeType": "host",
          "props": Object {
            "className": "form-control-large",
            "name": "test",
            "onChange": [MockFunction],
            "placeholder": undefined,
            "rows": "3",
            "value": "test",
          },
          "ref": null,
          "rendered": null,
          "type": "textarea",
        },
        undefined,
        undefined,
      ],
      "type": "div",
    },
  ],
  Symbol(enzyme.__options__): Object {
    "adapter": ReactSixteenAdapter {
      "options": Object {
        "enableComponentDidUpdateOnSetState": true,
        "lifecycles": Object {
          "componentDidUpdate": Object {
            "onSetState": true,
          },
          "getDerivedStateFromProps": true,
          "getSnapshotBeforeUpdate": true,
          "setState": Object {
            "skipsComponentDidUpdateOnNullish": true,
          },
        },
      },
    },
  },
}
`;
