// Jest Snapshot v1, https://goo.gl/fbAQLP

exports[`Post Form Component should render correctly 1`] = `
ShallowWrapper {
  Symbol(enzyme.__root__): [Circular],
  Symbol(enzyme.__unrendered__): <PostForm />,
  Symbol(enzyme.__renderer__): Object {
    "batchedUpdates": [Function],
    "getNode": [Function],
    "render": [Function],
    "simulateError": [Function],
    "simulateEvent": [Function],
    "unmount": [Function],
  },
  Symbol(enzyme.__node__): Object {
    "instance": null,
    "key": undefined,
    "nodeType": "host",
    "props": Object {
      "children": <form
        onSubmit={[Function]}
      >
        <div
          className="form-group"
        >
          <TextAreaFieldGroup
            name="text"
            onChange={[Function]}
            placeholder="Create a post"
            value=""
          />
          <button
            className="post-submit button-small"
            type="submit"
          >
            Submit
          </button>
        </div>
      </form>,
    },
    "ref": null,
    "rendered": Object {
      "instance": null,
      "key": undefined,
      "nodeType": "host",
      "props": Object {
        "children": <div
          className="form-group"
        >
          <TextAreaFieldGroup
            name="text"
            onChange={[Function]}
            placeholder="Create a post"
            value=""
          />
          <button
            className="post-submit button-small"
            type="submit"
          >
            Submit
          </button>
        </div>,
        "onSubmit": [Function],
      },
      "ref": null,
      "rendered": Object {
        "instance": null,
        "key": undefined,
        "nodeType": "host",
        "props": Object {
          "children": Array [
            <TextAreaFieldGroup
              name="text"
              onChange={[Function]}
              placeholder="Create a post"
              value=""
            />,
            <button
              className="post-submit button-small"
              type="submit"
            >
              Submit
            </button>,
          ],
          "className": "form-group",
        },
        "ref": null,
        "rendered": Array [
          Object {
            "instance": null,
            "key": undefined,
            "nodeType": "function",
            "props": Object {
              "error": undefined,
              "name": "text",
              "onChange": [Function],
              "placeholder": "Create a post",
              "value": "",
            },
            "ref": null,
            "rendered": null,
            "type": [Function],
          },
          Object {
            "instance": null,
            "key": undefined,
            "nodeType": "host",
            "props": Object {
              "children": "Submit",
              "className": "post-submit button-small",
              "type": "submit",
            },
            "ref": null,
            "rendered": "Submit",
            "type": "button",
          },
        ],
        "type": "div",
      },
      "type": "form",
    },
    "type": "div",
  },
  Symbol(enzyme.__nodes__): Array [
    Object {
      "instance": null,
      "key": undefined,
      "nodeType": "host",
      "props": Object {
        "children": <form
          onSubmit={[Function]}
        >
          <div
            className="form-group"
          >
            <TextAreaFieldGroup
              name="text"
              onChange={[Function]}
              placeholder="Create a post"
              value=""
            />
            <button
              className="post-submit button-small"
              type="submit"
            >
              Submit
            </button>
          </div>
        </form>,
      },
      "ref": null,
      "rendered": Object {
        "instance": null,
        "key": undefined,
        "nodeType": "host",
        "props": Object {
          "children": <div
            className="form-group"
          >
            <TextAreaFieldGroup
              name="text"
              onChange={[Function]}
              placeholder="Create a post"
              value=""
            />
            <button
              className="post-submit button-small"
              type="submit"
            >
              Submit
            </button>
          </div>,
          "onSubmit": [Function],
        },
        "ref": null,
        "rendered": Object {
          "instance": null,
          "key": undefined,
          "nodeType": "host",
          "props": Object {
            "children": Array [
              <TextAreaFieldGroup
                name="text"
                onChange={[Function]}
                placeholder="Create a post"
                value=""
              />,
              <button
                className="post-submit button-small"
                type="submit"
              >
                Submit
              </button>,
            ],
            "className": "form-group",
          },
          "ref": null,
          "rendered": Array [
            Object {
              "instance": null,
              "key": undefined,
              "nodeType": "function",
              "props": Object {
                "error": undefined,
                "name": "text",
                "onChange": [Function],
                "placeholder": "Create a post",
                "value": "",
              },
              "ref": null,
              "rendered": null,
              "type": [Function],
            },
            Object {
              "instance": null,
              "key": undefined,
              "nodeType": "host",
              "props": Object {
                "children": "Submit",
                "className": "post-submit button-small",
                "type": "submit",
              },
              "ref": null,
              "rendered": "Submit",
              "type": "button",
            },
          ],
          "type": "div",
        },
        "type": "form",
      },
      "type": "div",
    },
  ],
  Symbol(enzyme.__options__): Object {
    "adapter": ReactSixteenAdapter {
      "options": Object {
        "enableComponentDidUpdateOnSetState": true,
        "lifecycles": Object {
          "componentDidUpdate": Object {
            "onSetState": true,
          },
          "getDerivedStateFromProps": true,
          "getSnapshotBeforeUpdate": true,
          "setState": Object {
            "skipsComponentDidUpdateOnNullish": true,
          },
        },
      },
    },
  },
}
`;
