// Jest Snapshot v1, https://goo.gl/fbAQLP

exports[`Post Item Component should render correctly 1`] = `undefined`;
