// Jest Snapshot v1, https://goo.gl/fbAQLP

exports[`Comment Item Component should render correctly 1`] = `
ShallowWrapper {
  Symbol(enzyme.__root__): [Circular],
  Symbol(enzyme.__unrendered__): <CommentItem
    auth={
      Object {
        "user": [MockFunction],
      }
    }
    comment={[MockFunction]}
  />,
  Symbol(enzyme.__renderer__): Object {
    "batchedUpdates": [Function],
    "getNode": [Function],
    "render": [Function],
    "simulateError": [Function],
    "simulateEvent": [Function],
    "unmount": [Function],
  },
  Symbol(enzyme.__node__): Object {
    "instance": null,
    "key": undefined,
    "nodeType": "host",
    "props": Object {
      "children": <div
        className=""
      >
        <div
          className=""
        >
          <a
            href="profile.html"
          >
            <img
              alt=""
              className="rounded-circle d-none d-md-block"
            />
          </a>
          <br />
          <p
            className="text-center"
          >
            mockConstructor
          </p>
        </div>
        <div
          className="col-md-10"
        >
          <p
            className="lead"
          />
          <button
            className="button-small button-warning"
            onClick={[Function]}
            type="button"
          >
            <i
              className="fas fa-times"
            />
          </button>
        </div>
      </div>,
      "className": "",
    },
    "ref": null,
    "rendered": Object {
      "instance": null,
      "key": undefined,
      "nodeType": "host",
      "props": Object {
        "children": Array [
          <div
            className=""
          >
            <a
              href="profile.html"
            >
              <img
                alt=""
                className="rounded-circle d-none d-md-block"
              />
            </a>
            <br />
            <p
              className="text-center"
            >
              mockConstructor
            </p>
          </div>,
          <div
            className="col-md-10"
          >
            <p
              className="lead"
            />
            <button
              className="button-small button-warning"
              onClick={[Function]}
              type="button"
            >
              <i
                className="fas fa-times"
              />
            </button>
          </div>,
        ],
        "className": "",
      },
      "ref": null,
      "rendered": Array [
        Object {
          "instance": null,
          "key": undefined,
          "nodeType": "host",
          "props": Object {
            "children": Array [
              <a
                href="profile.html"
              >
                <img
                  alt=""
                  className="rounded-circle d-none d-md-block"
                />
              </a>,
              <br />,
              <p
                className="text-center"
              >
                mockConstructor
              </p>,
            ],
            "className": "",
          },
          "ref": null,
          "rendered": Array [
            Object {
              "instance": null,
              "key": undefined,
              "nodeType": "host",
              "props": Object {
                "children": <img
                  alt=""
                  className="rounded-circle d-none d-md-block"
                />,
                "href": "profile.html",
              },
              "ref": null,
              "rendered": Object {
                "instance": null,
                "key": undefined,
                "nodeType": "host",
                "props": Object {
                  "alt": "",
                  "className": "rounded-circle d-none d-md-block",
                  "src": undefined,
                },
                "ref": null,
                "rendered": null,
                "type": "img",
              },
              "type": "a",
            },
            Object {
              "instance": null,
              "key": undefined,
              "nodeType": "host",
              "props": Object {},
              "ref": null,
              "rendered": null,
              "type": "br",
            },
            Object {
              "instance": null,
              "key": undefined,
              "nodeType": "host",
              "props": Object {
                "children": "mockConstructor",
                "className": "text-center",
              },
              "ref": null,
              "rendered": "mockConstructor",
              "type": "p",
            },
          ],
          "type": "div",
        },
        Object {
          "instance": null,
          "key": undefined,
          "nodeType": "host",
          "props": Object {
            "children": Array [
              <p
                className="lead"
              />,
              <button
                className="button-small button-warning"
                onClick={[Function]}
                type="button"
              >
                <i
                  className="fas fa-times"
                />
              </button>,
            ],
            "className": "col-md-10",
          },
          "ref": null,
          "rendered": Array [
            Object {
              "instance": null,
              "key": undefined,
              "nodeType": "host",
              "props": Object {
                "children": undefined,
                "className": "lead",
              },
              "ref": null,
              "rendered": null,
              "type": "p",
            },
            Object {
              "instance": null,
              "key": undefined,
              "nodeType": "host",
              "props": Object {
                "children": <i
                  className="fas fa-times"
                />,
                "className": "button-small button-warning",
                "onClick": [Function],
                "type": "button",
              },
              "ref": null,
              "rendered": Object {
                "instance": null,
                "key": undefined,
                "nodeType": "host",
                "props": Object {
                  "className": "fas fa-times",
                },
                "ref": null,
                "rendered": null,
                "type": "i",
              },
              "type": "button",
            },
          ],
          "type": "div",
        },
      ],
      "type": "div",
    },
    "type": "div",
  },
  Symbol(enzyme.__nodes__): Array [
    Object {
      "instance": null,
      "key": undefined,
      "nodeType": "host",
      "props": Object {
        "children": <div
          className=""
        >
          <div
            className=""
          >
            <a
              href="profile.html"
            >
              <img
                alt=""
                className="rounded-circle d-none d-md-block"
              />
            </a>
            <br />
            <p
              className="text-center"
            >
              mockConstructor
            </p>
          </div>
          <div
            className="col-md-10"
          >
            <p
              className="lead"
            />
            <button
              className="button-small button-warning"
              onClick={[Function]}
              type="button"
            >
              <i
                className="fas fa-times"
              />
            </button>
          </div>
        </div>,
        "className": "",
      },
      "ref": null,
      "rendered": Object {
        "instance": null,
        "key": undefined,
        "nodeType": "host",
        "props": Object {
          "children": Array [
            <div
              className=""
            >
              <a
                href="profile.html"
              >
                <img
                  alt=""
                  className="rounded-circle d-none d-md-block"
                />
              </a>
              <br />
              <p
                className="text-center"
              >
                mockConstructor
              </p>
            </div>,
            <div
              className="col-md-10"
            >
              <p
                className="lead"
              />
              <button
                className="button-small button-warning"
                onClick={[Function]}
                type="button"
              >
                <i
                  className="fas fa-times"
                />
              </button>
            </div>,
          ],
          "className": "",
        },
        "ref": null,
        "rendered": Array [
          Object {
            "instance": null,
            "key": undefined,
            "nodeType": "host",
            "props": Object {
              "children": Array [
                <a
                  href="profile.html"
                >
                  <img
                    alt=""
                    className="rounded-circle d-none d-md-block"
                  />
                </a>,
                <br />,
                <p
                  className="text-center"
                >
                  mockConstructor
                </p>,
              ],
              "className": "",
            },
            "ref": null,
            "rendered": Array [
              Object {
                "instance": null,
                "key": undefined,
                "nodeType": "host",
                "props": Object {
                  "children": <img
                    alt=""
                    className="rounded-circle d-none d-md-block"
                  />,
                  "href": "profile.html",
                },
                "ref": null,
                "rendered": Object {
                  "instance": null,
                  "key": undefined,
                  "nodeType": "host",
                  "props": Object {
                    "alt": "",
                    "className": "rounded-circle d-none d-md-block",
                    "src": undefined,
                  },
                  "ref": null,
                  "rendered": null,
                  "type": "img",
                },
                "type": "a",
              },
              Object {
                "instance": null,
                "key": undefined,
                "nodeType": "host",
                "props": Object {},
                "ref": null,
                "rendered": null,
                "type": "br",
              },
              Object {
                "instance": null,
                "key": undefined,
                "nodeType": "host",
                "props": Object {
                  "children": "mockConstructor",
                  "className": "text-center",
                },
                "ref": null,
                "rendered": "mockConstructor",
                "type": "p",
              },
            ],
            "type": "div",
          },
          Object {
            "instance": null,
            "key": undefined,
            "nodeType": "host",
            "props": Object {
              "children": Array [
                <p
                  className="lead"
                />,
                <button
                  className="button-small button-warning"
                  onClick={[Function]}
                  type="button"
                >
                  <i
                    className="fas fa-times"
                  />
                </button>,
              ],
              "className": "col-md-10",
            },
            "ref": null,
            "rendered": Array [
              Object {
                "instance": null,
                "key": undefined,
                "nodeType": "host",
                "props": Object {
                  "children": undefined,
                  "className": "lead",
                },
                "ref": null,
                "rendered": null,
                "type": "p",
              },
              Object {
                "instance": null,
                "key": undefined,
                "nodeType": "host",
                "props": Object {
                  "children": <i
                    className="fas fa-times"
                  />,
                  "className": "button-small button-warning",
                  "onClick": [Function],
                  "type": "button",
                },
                "ref": null,
                "rendered": Object {
                  "instance": null,
                  "key": undefined,
                  "nodeType": "host",
                  "props": Object {
                    "className": "fas fa-times",
                  },
                  "ref": null,
                  "rendered": null,
                  "type": "i",
                },
                "type": "button",
              },
            ],
            "type": "div",
          },
        ],
        "type": "div",
      },
      "type": "div",
    },
  ],
  Symbol(enzyme.__options__): Object {
    "adapter": ReactSixteenAdapter {
      "options": Object {
        "enableComponentDidUpdateOnSetState": true,
        "lifecycles": Object {
          "componentDidUpdate": Object {
            "onSetState": true,
          },
          "getDerivedStateFromProps": true,
          "getSnapshotBeforeUpdate": true,
          "setState": Object {
            "skipsComponentDidUpdateOnNullish": true,
          },
        },
      },
    },
  },
}
`;
