// Jest Snapshot v1, https://goo.gl/fbAQLP

exports[`Member Photo Item should render correctly 1`] = `
ShallowWrapper {
  Symbol(enzyme.__root__): [Circular],
  Symbol(enzyme.__unrendered__): <MemberPhotoItem
    onUploadDelete={[MockFunction]}
  />,
  Symbol(enzyme.__renderer__): Object {
    "batchedUpdates": [Function],
    "getNode": [Function],
    "render": [Function],
    "simulateError": [Function],
    "simulateEvent": [Function],
    "unmount": [Function],
  },
  Symbol(enzyme.__node__): Object {
    "instance": null,
    "key": undefined,
    "nodeType": "host",
    "props": Object {
      "children": <div
        className="image-frame"
      >
        <img
          alt="photoU"
          className="image-item"
          src="uploads/undefined"
        />
        <button
          className="btn-delete"
          onClick={[MockFunction]}
        >
          Delete Photo
        </button>
      </div>,
    },
    "ref": null,
    "rendered": Object {
      "instance": null,
      "key": undefined,
      "nodeType": "host",
      "props": Object {
        "children": Array [
          <img
            alt="photoU"
            className="image-item"
            src="uploads/undefined"
          />,
          undefined,
          <button
            className="btn-delete"
            onClick={[MockFunction]}
          >
            Delete Photo
          </button>,
        ],
        "className": "image-frame",
      },
      "ref": null,
      "rendered": Array [
        Object {
          "instance": null,
          "key": undefined,
          "nodeType": "host",
          "props": Object {
            "alt": "photoU",
            "className": "image-item",
            "src": "uploads/undefined",
          },
          "ref": null,
          "rendered": null,
          "type": "img",
        },
        undefined,
        Object {
          "instance": null,
          "key": undefined,
          "nodeType": "host",
          "props": Object {
            "children": "Delete Photo",
            "className": "btn-delete",
            "onClick": [MockFunction],
          },
          "ref": null,
          "rendered": "Delete Photo",
          "type": "button",
        },
      ],
      "type": "div",
    },
    "type": "div",
  },
  Symbol(enzyme.__nodes__): Array [
    Object {
      "instance": null,
      "key": undefined,
      "nodeType": "host",
      "props": Object {
        "children": <div
          className="image-frame"
        >
          <img
            alt="photoU"
            className="image-item"
            src="uploads/undefined"
          />
          <button
            className="btn-delete"
            onClick={[MockFunction]}
          >
            Delete Photo
          </button>
        </div>,
      },
      "ref": null,
      "rendered": Object {
        "instance": null,
        "key": undefined,
        "nodeType": "host",
        "props": Object {
          "children": Array [
            <img
              alt="photoU"
              className="image-item"
              src="uploads/undefined"
            />,
            undefined,
            <button
              className="btn-delete"
              onClick={[MockFunction]}
            >
              Delete Photo
            </button>,
          ],
          "className": "image-frame",
        },
        "ref": null,
        "rendered": Array [
          Object {
            "instance": null,
            "key": undefined,
            "nodeType": "host",
            "props": Object {
              "alt": "photoU",
              "className": "image-item",
              "src": "uploads/undefined",
            },
            "ref": null,
            "rendered": null,
            "type": "img",
          },
          undefined,
          Object {
            "instance": null,
            "key": undefined,
            "nodeType": "host",
            "props": Object {
              "children": "Delete Photo",
              "className": "btn-delete",
              "onClick": [MockFunction],
            },
            "ref": null,
            "rendered": "Delete Photo",
            "type": "button",
          },
        ],
        "type": "div",
      },
      "type": "div",
    },
  ],
  Symbol(enzyme.__options__): Object {
    "adapter": ReactSixteenAdapter {
      "options": Object {
        "enableComponentDidUpdateOnSetState": true,
        "lifecycles": Object {
          "componentDidUpdate": Object {
            "onSetState": true,
          },
          "getDerivedStateFromProps": true,
          "getSnapshotBeforeUpdate": true,
          "setState": Object {
            "skipsComponentDidUpdateOnNullish": true,
          },
        },
      },
    },
  },
}
`;
